﻿
> sistema-de-delivery-para-sabor-acaiteria-canaa-dos-carajas-pa@1.0.0 build
> vite build

[36mvite v6.4.1 [32mbuilding for production...[36m[39m
transforming...
[32mÔ£ô[39m 32 modules transformed.
node.exe : [31mÔ£ù[39m Build failed in 630ms
No linha:1 caractere:1
+ & "C:\Program Files\nodejs/node.exe" "C:\Program Files\nodejs/node_mo ...
+ ~~~~~~~~~~~~~~~~~~~~~~~~~~~~~~~~~~~~~~~~~~~~~~~~~~~~~~~~~~~~~~~~~~~~~
    + CategoryInfo          : NotSpecified: ([31mÔ£ù[39m Build failed in 630ms:String) [], RemoteException
    + FullyQualifiedErrorId : NativeCommandError
 
[31merror during build:
[31m[vite-plugin-pwa:build] [plugin vite-plugin-pwa:build] There was an error during the build:
  [vite]: Rollup failed to resolve import "framer-motion" from 
"C:/Users/Terminal/.gemini/antigravity/scratch/sabor-acaiteria/src/pages/LoginPage.tsx".
This is most likely unintended because it can break your application at runtime.
If you do want to externalize this module explicitly add it to
`build.rollupOptions.external`
Additionally, handling the error in the 'buildEnd' hook caused the following error:
  [vite]: Rollup failed to resolve import "framer-motion" from 
"C:/Users/Terminal/.gemini/antigravity/scratch/sabor-acaiteria/src/pages/LoginPage.tsx".
This is most likely unintended because it can break your application at runtime.
If you do want to externalize this module explicitly add it to
`build.rollupOptions.external`[31m
    at getRollupError (file:///C:/Users/Terminal/.gemini/antigravity/scratch/sabor-acaiteria/node_modules/rollup/dist/e
s/shared/parseAst.js:401:41)
    at file:///C:/Users/Terminal/.gemini/antigravity/scratch/sabor-acaiteria/node_modules/rollup/dist/es/shared/node-en
try.js:23347:39
    at async catchUnfinishedHookActions (file:///C:/Users/Terminal/.gemini/antigravity/scratch/sabor-acaiteria/node_mod
ules/rollup/dist/es/shared/node-entry.js:22805:16)
    at async rollupInternal (file:///C:/Users/Terminal/.gemini/antigravity/scratch/sabor-acaiteria/node_modules/rollup/
dist/es/shared/node-entry.js:23330:5)
    at async buildEnvironment (file:///C:/Users/Terminal/.gemini/antigravity/scratch/sabor-acaiteria/node_modules/vite/
dist/node/chunks/dep-D4NMHUTW.js:46235:14)
    at async Object.defaultBuildApp [as buildApp] (file:///C:/Users/Terminal/.gemini/antigravity/scratch/sabor-acaiteri
a/node_modules/vite/dist/node/chunks/dep-D4NMHUTW.js:46713:5)
    at async CAC.<anonymous> 
(file:///C:/Users/Terminal/.gemini/antigravity/scratch/sabor-acaiteria/node_modules/vite/dist/node/cli.js:863:7)[39m
